// Vitest Snapshot v1, https://vitest.dev/guide/snapshot.html

exports[`FuiDisplayCustomDialog > renders a popup element 1`] = `
<div
  class="fui-display-custom-dialog"
>
  <div
    class="fui-form-row fui-form-header"
  >
    Custom display size
  </div>
  <div
    class="fui-form-row"
  >
    <label
      class="fui-form-label fui-form-column"
      for="displayCustomWidth"
    >
      Width: 
      <input
        class="fui-form-input fui-form-input__size"
        id="displayCustomWidth"
        type="number"
      />
    </label>
    <label
      class="fui-form-label fui-form-column"
      for="displayCustomWidth"
    >
      Height: 
      <input
        class="fui-form-input fui-form-input__size"
        id="displayCustomHeight"
        type="number"
      />
    </label>
  </div>
  <div
    class="buttons-bottom"
  >
    <button
      class="button button_danger fui-display-custom-dialog__cancel"
    >
      Cancel
    </button>
    <button
      class="button fui-display-custom-dialog__save"
    >
      Save
    </button>
  </div>
</div>
`;
