// Vitest Snapshot v1, https://vitest.dev/guide/snapshot.html

exports[`Button > renders a button element 1`] = `
<div
  class="tooltip tooltip-bottom capitalize no-animation"
  data-v-3947d5d5=""
>
  <button
    class="btn font-sans uppercase leading-none btn-primary btn-outline btn-sm"
    data-v-3947d5d5=""
    tabindex="-1"
  >
    
    Test
    
  </button>
</div>
`;
